/01094 00000/3660/23 340 1804
1.  DISTRESS TRACKING COSPAS-SARSAT NOTIFICATION OF COUNTRY OF
    BEACON REGISTRATION ALERT
2.  MSG NO 01094  USMCC REF 01020
3.  BEACON MESSAGE INFORMATION  
    BEACON TYPE  ELT DISTRESS TRACKING
    ELT - AIRCRAFT SERIAL NO 1
    AIRCRAFT OPERATOR DESIGNATOR (3LD) ZLR
    HEX ID 2DD3002000BFDFF
    COUNTRY OF BEACON REGISTRATION 366/USA
    ACTIVATION TYPE MANUAL
4.  ALERT POSITION INFORMATION  
        DETECTED AT 06 DEC 23 180400 UTC BY GEOSAR GOES 16
        GNSS - 52 30.00N  103 00.00W
          UPDATE TIME WITHIN 4 HOURS OF DETECTION TIME
          ALTITUDE OF GNSS LOCATION LESS THAN 400 METRES (1300 FEET)
5.  OTHER INFORMATION  
    TAC 0001
    ELT(DT) POSITION DOES NOT REFERENCE ANY PREVIOUS POSITION
    DETECTION FREQUENCY 406.0249 MHZ
    GNSS POSITION UNCERTAINTY PLUS-MINUS 15 MINUTES OF LATITUDE AND
    LONGITUDE
    LUT ID 2271 TOULOUSE (1), FRANCE
6.  REMARKS  
    THIS DISTRESS TRACKING MESSAGE IS BEING SENT TO APPROPRIATE SAR
    AUTHORITIES
    PROCESS THIS ALERT ACCORDING TO RELEVANT REQUIREMENTS
END OF MESSAGE
