/00106 00000/3660/23 332 1800
1.  DISTRESS COSPAS-SARSAT INITIAL LOCATED ALERT
2.  MSG NO 00106  USMCC REF 99880
3.  BEACON MESSAGE INFORMATION  
    DATA DECODED FROM THE BEACON MESSAGE IS NOT RELIABLE
    HEX ID 2DF3000000BFDFF
4.  ALERT POSITION INFORMATION  
        DETECTED AT 28 NOV 23 1755 UTC BY MEOSAR
        ALERT LAST DETECTED AT 28 NOV 23 1757 UTC
        DOA - 38 56.9N  076 49.9W  ESTIMATED ERROR UNKNOWN
5.  OTHER INFORMATION  
    DETECTION FREQUENCY 406.0400 MHZ
    LUT ID 2276 TOULOUSE (2), FRANCE
6.  REMARKS  NIL
END OF MESSAGE
