/00105 00000/3660/23 332 1752
1.  DISTRESS COSPAS-SARSAT POSITION CONFIRMED UPDATE ALERT
2.  MSG NO 00105  USMCC REF 99816
3.  BEACON MESSAGE INFORMATION  
    DATA DECODED FROM THE BEACON MESSAGE IS NOT RELIABLE
    HEX ID 2DF38000003FDFF
4.  ALERT POSITION INFORMATION  
        DETECTED AT 28 NOV 23 1747 UTC BY MEOSAR
        ALERT LAST DETECTED AT 28 NOV 23 1749 UTC
        MCC REFERENCE - 38 56.9N  076 49.9W
        DOA - 38 56.9N  076 49.9W  ESTIMATED ERROR UNKNOWN
5.  OTHER INFORMATION  
    DETECTION FREQUENCY 406.0400 MHZ
    LUT ID 2276 TOULOUSE (2), FRANCE
6.  REMARKS  NIL
END OF MESSAGE
